
> la-permit-copilot@0.1.0 build
> next build

   鈻?Next.js 14.1.0
   - Environments: .env.local

   Creating an optimized production build ...
node.exe : Failed to 
compile.
At line:1 char:1
+ & "C:\Program Files\
nodejs/node.exe" 
"C:\Program 
Files\nodejs/node_mo 
...
+ ~~~~~~~~~~~~~~~~~~~~
~~~~~~~~~~~~~~~~~~~~~~
~~~~~~~~~~~~~~~~~~~~~~
~~~~~
    + CategoryInfo    
          : NotSpeci  
  fied: (Failed to    
 compile.:String)     
[], RemoteExcepti    
on
    + FullyQualifiedE 
   rrorId : NativeCo  
  mmandError
 

Error: EISDIR: 
illegal operation on 
a directory, readlink 
'G:\MTech\MTbuddy LA\n
ode_modules\next\dist\
pages\_app.js'


> Build failed 
because of webpack 
errors
